// Jest Snapshot v1, https://goo.gl/fbAQLP

exports[`RHFInput Component renders correctly and matches the snapshot 1`] = `
<DocumentFragment>
  <div
    aria-invalid="false"
    class="MuiFormControl-root MuiFormControl-fullWidth MuiTextField-root formField input css-y4n9bg-MuiFormControl-root-MuiTextField-root"
    data-is="TextInput"
  >
    <label
      class="MuiFormLabel-root MuiInputLabel-root MuiInputLabel-formControl MuiInputLabel-animated MuiInputLabel-sizeMedium MuiInputLabel-outlined MuiFormLabel-colorPrimary MuiInputLabel-root MuiInputLabel-formControl MuiInputLabel-animated MuiInputLabel-sizeMedium MuiInputLabel-outlined css-1q964xs-MuiFormLabel-root-MuiInputLabel-root"
      data-shrink="false"
      for=":r0:"
      id=":r0:-label"
    >
      Test Label
    </label>
    <div
      class="MuiInputBase-root MuiOutlinedInput-root MuiInputBase-colorPrimary MuiInputBase-fullWidth MuiInputBase-formControl css-1o0kqxp-MuiInputBase-root-MuiOutlinedInput-root"
    >
      <input
        aria-describedby=":r0:-helper-text"
        aria-invalid="false"
        class="MuiInputBase-input MuiOutlinedInput-input css-1jk99ih-MuiInputBase-input-MuiOutlinedInput-input"
        id=":r0:"
        type="text"
        value=""
      />
      <fieldset
        aria-hidden="true"
        class="MuiOutlinedInput-notchedOutline css-1d3z3hw-MuiOutlinedInput-notchedOutline"
      >
        <legend
          class="css-1pbc52w"
        >
          <span>
            Test Label
          </span>
        </legend>
      </fieldset>
    </div>
    <p
      class="MuiFormHelperText-root MuiFormHelperText-sizeMedium MuiFormHelperText-contained css-wq8qsl-MuiFormHelperText-root"
      id=":r0:-helper-text"
    >
      Enter your text
    </p>
  </div>
</DocumentFragment>
`;
